#-----------------------------------------------------------
# Vivado v2023.2 (64-bit)
# SW Build 4029153 on Fri Oct 13 20:14:34 MDT 2023
# IP Build 4028589 on Sat Oct 14 00:45:43 MDT 2023
# SharedData Build 4025554 on Tue Oct 10 17:18:54 MDT 2023
# Start of session at: Thu Dec 19 15:09:24 2024
# Process ID: 8564
# Current directory: D:/Study/Digital Communication IC Design/SphereDecoding/xilinx/MIMO_detector/MIMO_detector.runs/synth_1_copy_2
# Command line: vivado.exe -log MIMO_detector.vds -product Vivado -mode batch -messageDb vivado.pb -notrace -source MIMO_detector.tcl
# Log file: D:/Study/Digital Communication IC Design/SphereDecoding/xilinx/MIMO_detector/MIMO_detector.runs/synth_1_copy_2/MIMO_detector.vds
# Journal file: D:/Study/Digital Communication IC Design/SphereDecoding/xilinx/MIMO_detector/MIMO_detector.runs/synth_1_copy_2\vivado.jou
# Running On: DESKTOP-GAHC48P, OS: Windows, CPU Frequency: 2496 MHz, CPU Physical cores: 8, Host memory: 25375 MB
#-----------------------------------------------------------
source MIMO_detector.tcl -notrace
